2024-06-30T21:14:02 INFO tessera.cli: built data/claims.db from data (33 claims, 3 historical payments)
2024-06-30T21:14:03 INFO tessera.cli: batch 2024-06: adjudicating as of 2024-06-30
2024-06-30T21:14:03 INFO tessera.engine: CLM-24-0601: version=PV-1001-B gross=5032.00 sublimit_reduction=0.00 deductible=2500.00 applied=2500.00 indemnity=2532.00 interest=29.97 (24 days late, deadline 2024-06-06)
2024-06-30T21:14:03 INFO tessera.engine: CLM-24-0602: version=PV-1001-B gross=4680.00 sublimit_reduction=0.00 deductible=2500.00 applied=2500.00 indemnity=2180.00 interest=24.73 (23 days late, deadline 2024-06-07)
2024-06-30T21:14:03 WARNING tessera.lookup: no policy version of P-1002 in force on received_date 2024-06-04, falling back to latest (PV-1002-A)
2024-06-30T21:14:04 INFO tessera.engine: CLM-24-0603: version=PV-1002-A gross=1775.00 sublimit_reduction=0.00 deductible=1000.00 applied=1000.00 indemnity=775.00 interest=20.26 (53 days late, deadline 2024-05-08)
2024-06-30T21:14:04 INFO tessera.engine: CLM-24-0604: version=PV-1003-A gross=10470.00 sublimit_reduction=0.00 deductible=2000.00 applied=2000.00 indemnity=8470.00 interest=0.00 (0 days late, deadline 2024-07-18)
2024-06-30T21:14:04 INFO tessera.engine: CLM-24-0605: version=PV-1004-A gross=3310.00 sublimit_reduction=0.00 deductible=1500.00 applied=1500.00 indemnity=1810.00 interest=0.00 (0 days late, deadline 2024-07-13)
2024-06-30T21:14:04 INFO tessera.engine: CLM-24-0606: version=PV-1005-A gross=4270.00 sublimit_reduction=150.00 deductible=1000.00 applied=1000.00 indemnity=3120.00 interest=2.05 (2 days late, deadline 2024-06-28)
2024-06-30T21:14:05 INFO tessera.engine: CLM-24-0607: version=PV-1006-A gross=2440.00 sublimit_reduction=0.00 deductible=1500.00 applied=1500.00 indemnity=940.00 interest=5.87 (19 days late, deadline 2024-06-11)
2024-06-30T21:14:05 INFO tessera.engine: CLM-24-0608: version=PV-1007-A gross=1630.25 sublimit_reduction=0.00 deductible=500.00 applied=500.00 indemnity=1130.25 interest=9.17 (37 days late, deadline 2024-05-24)
2024-06-30T21:14:05 INFO tessera.engine: CLM-24-0609: version=PV-1008-B gross=6190.00 sublimit_reduction=0.00 deductible=1000.00 applied=1000.00 indemnity=5190.00 interest=26.16 (23 days late, deadline 2024-06-07)
2024-06-30T21:14:05 INFO tessera.engine: CLM-24-0610: version=PV-1009-A gross=3030.00 sublimit_reduction=0.00 deductible=1000.00 applied=1000.00 indemnity=2030.00 interest=20.02 (40 days late, deadline 2024-05-21)
2024-06-30T21:14:06 INFO tessera.engine: CLM-24-0611: version=PV-1011-A gross=2990.00 sublimit_reduction=0.00 deductible=1000.00 applied=1000.00 indemnity=1990.00 interest=36.31 (37 days late, deadline 2024-05-24)
2024-06-30T21:14:06 INFO tessera.engine: CLM-24-0612: version=PV-1012-A gross=6100.00 sublimit_reduction=600.00 deductible=2500.00 applied=2500.00 indemnity=3000.00 interest=0.82 (1 days late, deadline 2024-06-29)
2024-06-30T21:14:06 INFO tessera.engine: CLM-24-0613: version=PV-1013-A gross=5250.00 sublimit_reduction=0.00 deductible=1000.00 applied=1000.00 indemnity=4250.00 interest=0.00 (0 days late, deadline 2024-07-05)
2024-06-30T21:14:06 INFO tessera.engine: CLM-24-0614: version=PV-1014-A gross=1800.00 sublimit_reduction=0.00 deductible=2500.00 applied=1800.00 indemnity=0.00 interest=0.00 (13 days late, deadline 2024-06-17)
2024-06-30T21:14:07 INFO tessera.engine: CLM-24-0615: version=PV-1014-A gross=2425.00 sublimit_reduction=0.00 deductible=2500.00 applied=2425.00 indemnity=0.00 interest=0.00 (2 days late, deadline 2024-06-28)
2024-06-30T21:14:07 WARNING tessera.lookup: no policy version of P-1002 in force on received_date 2024-06-10, falling back to latest (PV-1002-A)
2024-06-30T21:14:07 INFO tessera.engine: CLM-24-0616: version=PV-1002-A gross=3676.25 sublimit_reduction=0.00 deductible=1000.00 applied=1000.00 indemnity=2676.25 interest=35.63 (27 days late, deadline 2024-06-03)
2024-06-30T21:14:07 INFO tessera.engine: CLM-24-0617: version=PV-1015-A gross=7180.00 sublimit_reduction=0.00 deductible=1000.00 applied=1000.00 indemnity=6180.00 interest=10.67 (7 days late, deadline 2024-06-23)
2024-06-30T21:14:08 INFO tessera.engine: CLM-24-0618: version=PV-1016-B gross=1900.00 sublimit_reduction=0.00 deductible=1500.00 applied=1500.00 indemnity=400.00 interest=18.74 (95 days late, deadline 2024-03-27)
2024-06-30T21:14:08 INFO tessera.engine: CLM-24-0619: version=PV-1010-A gross=3320.00 sublimit_reduction=0.00 deductible=1500.00 applied=1500.00 indemnity=1820.00 interest=0.00 (0 days late, deadline 2024-07-05)
2024-06-30T21:14:08 INFO tessera.engine: CLM-24-0620: version=PV-1016-B gross=7525.00 sublimit_reduction=0.00 deductible=1500.00 applied=1500.00 indemnity=6025.00 interest=35.65 (12 days late, deadline 2024-06-18)
2024-06-30T21:14:08 INFO tessera.engine: CLM-24-0621: version=PV-1017-A gross=4344.50 sublimit_reduction=0.00 deductible=1000.00 applied=1000.00 indemnity=3344.50 interest=0.00 (0 days late, deadline 2024-07-25)
2024-06-30T21:14:09 INFO tessera.engine: CLM-24-0622: version=PV-1018-B gross=11280.00 sublimit_reduction=0.00 deductible=2000.00 applied=2000.00 indemnity=9280.00 interest=48.82 (16 days late, deadline 2024-06-14)
2024-06-30T21:14:09 INFO tessera.engine: CLM-24-0623: version=PV-1019-A gross=2562.00 sublimit_reduction=0.00 deductible=1000.00 applied=1000.00 indemnity=1562.00 interest=5.48 (16 days late, deadline 2024-06-14)
2024-06-30T21:14:09 INFO tessera.engine: CLM-24-0624: version=PV-1020-A gross=5260.00 sublimit_reduction=300.00 deductible=2500.00 applied=2500.00 indemnity=2460.00 interest=0.00 (0 days late, deadline 2024-07-07)
2024-06-30T21:14:09 INFO tessera.engine: CLM-24-0625: version=PV-1021-A gross=9820.00 sublimit_reduction=0.00 deductible=1500.00 applied=1500.00 indemnity=8320.00 interest=45.13 (11 days late, deadline 2024-06-19)
2024-06-30T21:14:10 INFO tessera.engine: CLM-24-0626: version=PV-1022-B gross=4540.00 sublimit_reduction=60.00 deductible=1500.00 applied=1500.00 indemnity=2980.00 interest=0.00 (0 days late, deadline 2024-07-11)
2024-06-30T21:14:10 INFO tessera.engine: CLM-24-0627: version=PV-1023-A gross=4235.00 sublimit_reduction=0.00 deductible=1000.00 applied=1000.00 indemnity=3235.00 interest=5.32 (5 days late, deadline 2024-06-25)
2024-06-30T21:14:10 INFO tessera.engine: CLM-24-0628: version=PV-1024-A gross=1948.00 sublimit_reduction=0.00 deductible=500.00 applied=500.00 indemnity=1448.00 interest=2.86 (9 days late, deadline 2024-06-21)
2024-06-30T21:14:10 INFO tessera.engine: CLM-24-0629: version=PV-1005-A gross=1260.00 sublimit_reduction=0.00 deductible=1000.00 applied=1000.00 indemnity=260.00 interest=0.00 (0 days late, deadline 2024-07-17)
2024-06-30T21:14:11 INFO tessera.engine: CLM-24-0630: version=PV-1013-A gross=3160.00 sublimit_reduction=0.00 deductible=1000.00 applied=1000.00 indemnity=2160.00 interest=23.43 (33 days late, deadline 2024-05-28)
2024-06-30T21:14:11 INFO tessera.cli: batch 2024-06: 30 claims (28 paid, 0 no coverage), total payments 89975.09 -> out/audit_2024-06.csv
